// Jest Snapshot v1, https://goo.gl/fbAQLP

exports[`readPayload should throw on wrong JSON string 1`] = `"Could not parse JSON in COZY_PAYLOAD: { testPayload: testpayloadvalue}"`;
